```
-5
```

UNARY (VALUE): "-5"(0, 2)
    TOKEN: "-"(0, 1)
    NUMBER (VALUE): "5"(1, 1)

NO PROBLEMS

Unary(
    Unary {
        op: Min,
        right: Number(
            Number {
                value: 5,
                span: "5"(1, 1),
            },
        ),
        span: "-5"(0, 2),
    },
)
Some(-5)