```
[truad  sadsa, falsa]
```

ARRAY: "[truad  sadsa, falsa]"(0, 21)
    TOKEN: "["(0, 1)
    ERROR (BOOLEAN VALUE): "truad  sadsa"(1, 12)
    TOKEN: ","(13, 1)
    WS (EXTRA): " "(14, 1)
    ERROR (BOOLEAN VALUE): "falsa"(15, 5)
    TOKEN: "]"(20, 1)

PROBLEMS:
[38;5;1m--------------------------------- SYNTAX ERROR ---------------------------------[m
I was parsing Boolean when found issue:
[38;5;6m 0 |[38;5;15m[1m[truad  sadsa, falsa][m[38;5;8m\EOF[m
[38;5;6m ~ |[m [38;5;9m^^^^^^^^^^^^ I expected `true`[m
[38;5;1m--------------------------------- SYNTAX ERROR ---------------------------------[m
I was parsing Boolean when found issue:
[38;5;6m 0 |[38;5;15m[1m[truad  sadsa, falsa][m[38;5;8m\EOF[m
[38;5;6m ~ |[m               [38;5;9m^^^^^ I expected `false`[m
