```
[truadsadsa, falsa]
```

ARRAY (VALUE): "[truadsadsa, falsa]"(0, 19)
    TOKEN: "["(0, 1)
    ERROR (BOOLEAN VALUE): "truadsadsa"(1, 10)
    TOKEN: ","(11, 1)
    WS (EXTRA): " "(12, 1)
    ERROR (BOOLEAN VALUE): "falsa"(13, 5)
    TOKEN: "]"(18, 1)

PROBLEMS:
[38;5;1m--------------------------------- SYNTAX ERROR ---------------------------------[m
I was parsing Boolean when found issue:
[38;5;6m 0 |[38;5;15m[1m[truadsadsa, falsa][m[38;5;8m\EOF[m
[38;5;6m ~ |[m [38;5;9m^^^^^^^^^^ I expected `true`[m
[38;5;1m--------------------------------- SYNTAX ERROR ---------------------------------[m
I was parsing Boolean when found issue:
[38;5;6m 0 |[38;5;15m[1m[truadsadsa, falsa][m[38;5;8m\EOF[m
[38;5;6m ~ |[m             [38;5;9m^^^^^ I expected `false`[m
