```
{
    "foo": "bar,
    "baz": 2
}
```

OBJECT: "{\n    \"foo\": \"bar,\n    \"baz\": 2\n}"
    TOKEN: "{"
    WHITESPACE: "\n    "
    STRING (OBJKEY): "\"foo\""
        TOKEN (OBJKEY): "\""
        INNERSTRING (OBJKEY): "foo"
        TOKEN (OBJKEY): "\""
    TOKEN: ":"
    WHITESPACE: " "
    STRING: "\"bar,\n    \""
        TOKEN: "\""
        INNERSTRING: "bar,\n    "
        TOKEN: "\""
    ERROR: "b"
    STRING (OBJKEY): "az\""
        ERROR (OBJKEY): "a"
        INNERSTRING (OBJKEY): "z"
        TOKEN (OBJKEY): "\""
    TOKEN: ":"
    WHITESPACE: " "
    NUMBER: "2"
    WHITESPACE: "\n"
    TOKEN: "}"

PROBLEMS:
* I expected ','
```
b
```
* I expected '"'
```
a
```
