```
{
    "true": false,
    "false": true
}
```

OBJECT (VALUE): "{\n    \"true\": false,\n    \"false\": true\n}"(0, 39)
    TOKEN: "{"(0, 0)
    WS (EXTRA): "\n    "(1, 5)
    STRING (KEY): "\"true\""(6, 11)
        TOKEN: "\""(6, 6)
        VALUE: "true"(7, 10)
        TOKEN: "\""(11, 11)
    TOKEN: ":"(12, 12)
    WS (EXTRA): " "(13, 13)
    TOKEN (BOOLEAN VALUE): "false"(14, 18)
    TOKEN: ","(19, 19)
    WS (EXTRA): "\n    "(20, 24)
    STRING (KEY): "\"false\""(25, 31)
        TOKEN: "\""(25, 25)
        VALUE: "false"(26, 30)
        TOKEN: "\""(31, 31)
    TOKEN: ":"(32, 32)
    WS (EXTRA): " "(33, 33)
    TOKEN (BOOLEAN VALUE): "true"(34, 37)
    WS (EXTRA): "\n"(38, 38)
    TOKEN: "}"(39, 39)

NO PROBLEMS
