```
[ true , false ]
```

ARRAY (VALUE): "[ true , false ]"(0, 16)
    TOKEN: "["(0, 1)
    WS (EXTRA): " "(1, 1)
    TOKEN (BOOLEAN VALUE): "true"(2, 4)
    WS (EXTRA): " "(6, 1)
    TOKEN: ","(7, 1)
    WS (EXTRA): " "(8, 1)
    TOKEN (BOOLEAN VALUE): "false"(9, 5)
    WS (EXTRA): " "(14, 1)
    TOKEN: "]"(15, 1)

NO PROBLEMS
