```
[true, / invalid comment
false]
```

ARRAY (VALUE): "[true, / invalid comment\nfalse]"(0, 31)
    TOKEN: "["(0, 1)
    TOKEN (BOOLEAN VALUE): "true"(1, 4)
    TOKEN: ","(5, 1)
    WS (EXTRA): " "(6, 1)
    ERROR (COMMENT EXTRA): "/"(7, 1)
    ERROR (VALUE): " invalid comment\nfalse"(8, 22)
    TOKEN: "]"(30, 1)

PROBLEMS:
* Expected `//` or `/*` but found:
```
/ invalid comment
fals
```
