```
[true, false
```

ARRAY: "[true, false"(0, 12)
    TOKEN: "["(0, 1)
    TOKEN (BOOLEAN VALUE): "true"(1, 4)
    TOKEN: ","(5, 1)
    WS (EXTRA): " "(6, 1)
    TOKEN (BOOLEAN VALUE): "false"(7, 5)
    ERROR: ""(12, 0)

PROBLEMS:
[38;5;1m--------------------------------- SYNTAX ERROR ---------------------------------[m
I was parsing Array when found issue:
[38;5;6m 0 |[38;5;15m[1m[true, false[m[38;5;8m\EOF[m
[38;5;6m ~ |[m            [38;5;9m^ I expected `,` or `]`[m
