```
"foo
bar"
```

STRING: "\"foo\n"(0, 5)
    TOKEN: "\""(0, 1)
    VALUE: "foo"(1, 3)
    ERROR: "\n"(4, 1)

REST: "bar\""(5, 4)
PROBLEMS:
[38;5;1m--------------------------------- SYNTAX ERROR ---------------------------------[m
I was parsing String when found issue:
[38;5;6m 0 |[38;5;15m[1m"foo[m[38;5;8m\n[m
[38;5;6m ~ |[m    [38;5;9m^ I expected `"`[m
[38;5;6m 1 |[38;5;15m[1mbar"[m[38;5;8m\EOF[m
[38;5;6m ~ |[m[38;5;9m^[m
