```
[truad  sadsa, falsa]
```

ARRAY: "[truad  sadsa, falsa]"(0, 21)
    TOKEN: "["(0, 1)
    ERROR (BOOLEAN VALUE): "truad  sadsa"(1, 12)
    TOKEN: ","(13, 1)
    WS (EXTRA): " "(14, 1)
    ERROR (BOOLEAN VALUE): "falsa"(15, 5)
    TOKEN: "]"(20, 1)

PROBLEMS:
--------------------------------- SYNTAX ERROR ---------------------------------
I was parsing Boolean when found issue:
[36m0  | [0m[97m[truad  sadsa, falsa][0m[90m\EOF[0m
[36m   | [0m ^^^^^^^^^^^^ [1mI expected `true`[0m
--------------------------------- SYNTAX ERROR ---------------------------------
I was parsing Boolean when found issue:
[36m0  | [0m[97m[truad  sadsa, falsa][0m[90m\EOF[0m
[36m   | [0m               ^^^^^ [1mI expected `false`[0m
