```
[true, false
```

ARRAY: "[true, false"(0, 12)
    TOKEN: "["(0, 1)
    TOKEN (BOOLEAN VALUE): "true"(1, 4)
    TOKEN: ","(5, 1)
    WS (EXTRA): " "(6, 1)
    TOKEN (BOOLEAN VALUE): "false"(7, 5)
    ERROR: ""(12, 0)

PROBLEMS:
--------------------------------- SYNTAX ERROR ---------------------------------
I was parsing Array when found issue:
[36m0  | [0m[97m[true, false[0m[90m\EOF[0m
[36m   | [0m            ^ [1mI expected `,` or `]`[0m
