```
[truad  sadsa, falsa]
```

ARRAY: "[truad  sadsa, falsa]"(0, 21)
    TOKEN: "["(0, 1)
    ERROR (BOOLEAN VALUE): "truad  sadsa"(1, 12)
    TOKEN: ","(13, 1)
    WS (EXTRA): " "(14, 1)
    ERROR (BOOLEAN VALUE): "falsa"(15, 5)
    TOKEN: "]"(20, 1)

PROBLEMS:
* Expected `true`, but found:
```
truad  sadsa
```
* Expected `false`, but found:
```
falsa
```
