```
{ "foo": true
```

OBJECT: "{ \"foo\": true"(0, 13)
    TOKEN: "{"(0, 1)
    WS (EXTRA): " "(1, 1)
    STRING (KEY): "\"foo\""(2, 5)
        TOKEN: "\""(2, 1)
        VALUE: "foo"(3, 3)
        TOKEN: "\""(6, 1)
    TOKEN: ":"(7, 1)
    WS (EXTRA): " "(8, 1)
    TOKEN (BOOLEAN VALUE): "true"(9, 4)
    ERROR: ""(13, 0)

PROBLEMS:
[38;5;1m--------------------------------- SYNTAX ERROR ---------------------------------[m
I was parsing Object when found issue:
[38;5;6m 0 |[38;5;15m[1m{ "foo": true[m[38;5;8m\EOF[m
[38;5;6m ~ |[m             [38;5;9m^ I expected `,` or `}`[m
