```
{ "foo": true
```

OBJECT: "{ \"foo\": true"(0, 13)
    TOKEN: "{"(0, 1)
    WS (EXTRA): " "(1, 1)
    STRING (KEY): "\"foo\""(2, 5)
        TOKEN: "\""(2, 1)
        VALUE: "foo"(3, 3)
        TOKEN: "\""(6, 1)
    TOKEN: ":"(7, 1)
    WS (EXTRA): " "(8, 1)
    TOKEN (BOOLEAN VALUE): "true"(9, 4)
    ERROR: ""(13, 0)

PROBLEMS:
--------------------------------- SYNTAX ERROR ---------------------------------
I was parsing Object when found issue:
[36m0  | [0m[97m{ "foo": true[0m[90m\EOF[0m
[36m   | [0m             ^ [1mI expected `,` or `}`[0m
