```
dupa
```

ERROR (BOOLEAN): "d"(0, 1)

REST: "upa"(1, 3)
PROBLEMS:
[38;5;1m--------------------------------- SYNTAX ERROR ---------------------------------[m
I was parsing Boolean when found issue:
[38;5;6m 0 |[38;5;15m[1mdupa[m[38;5;8m\EOF[m
[38;5;6m ~ |[m[38;5;9m^ I expected `true` or `false`[m
